// Jest Snapshot v1, https://goo.gl/fbAQLP

exports[`checks if a function is passed as prop 1`] = `ShallowWrapper {}`;

exports[`re 1`] = `ShallowWrapper {}`;

exports[`renders MainPage without crashing 1`] = `ShallowWrapper {}`;

exports[`renders SearchBox without crashing 1`] = `ShallowWrapper {}`;
